../Drivers/CMSIS/Include/core_cm4.h:1672:26:__NVIC_GetPriorityGrouping	4	static
../Drivers/CMSIS/Include/core_cm4.h:1684:22:__NVIC_EnableIRQ	16	static,ignoring_inline_asm
../Drivers/CMSIS/Include/core_cm4.h:1814:22:__NVIC_SetPriority	16	static
../Drivers/CMSIS/Include/core_cm4.h:1861:26:NVIC_EncodePriority	40	static
../Drivers/STM32F4xx_HAL_Driver/Inc/stm32f4xx_ll_usart.h:410:22:LL_USART_Enable	16	static
../Drivers/STM32F4xx_HAL_Driver/Inc/stm32f4xx_ll_usart.h:1479:22:LL_USART_ConfigAsyncMode	16	static
../Drivers/STM32F4xx_HAL_Driver/Inc/stm32f4xx_ll_bus.h:409:22:LL_AHB1_GRP1_EnableClock	24	static
../Drivers/STM32F4xx_HAL_Driver/Inc/stm32f4xx_ll_bus.h:1185:22:LL_APB1_GRP1_EnableClock	24	static
../Core/Src/main.c:74:6:blink	8	static
../Core/Src/main.c:83:5:main	8	static
../Core/Src/main.c:148:6:SystemClock_Config	88	static
../Core/Src/main.c:198:13:MX_I2C1_Init	8	static
../Core/Src/main.c:232:13:MX_SPI1_Init	8	static
../Core/Src/main.c:270:13:MX_SPI3_Init	8	static
../Core/Src/main.c:308:13:MX_USART2_UART_Init	64	static
../Core/Src/main.c:363:13:MX_DMA_Init	16	static
../Core/Src/main.c:400:13:MX_GPIO_Init	56	static
../Core/Src/main.c:488:13:MX_FSMC_Init	40	static
../Core/Src/main.c:548:6:Error_Handler	4	static,ignoring_inline_asm
