../Core/Src/stm32f4xx_hal_msp.c:63:6:HAL_MspInit	16	static
../Core/Src/stm32f4xx_hal_msp.c:86:6:HAL_I2C_MspInit	48	static
../Core/Src/stm32f4xx_hal_msp.c:123:6:HAL_I2C_MspDeInit	16	static
../Core/Src/stm32f4xx_hal_msp.c:154:6:HAL_SPI_MspInit	56	static
../Core/Src/stm32f4xx_hal_msp.c:216:6:HAL_SPI_MspDeInit	16	static
../Core/Src/stm32f4xx_hal_msp.c:261:13:HAL_FSMC_MspInit	32	static
../Core/Src/stm32f4xx_hal_msp.c:319:6:HAL_SRAM_MspInit	16	static
../Core/Src/stm32f4xx_hal_msp.c:331:13:HAL_FSMC_MspDeInit	8	static
../Core/Src/stm32f4xx_hal_msp.c:377:6:HAL_SRAM_MspDeInit	16	static
