../Drivers/SSD1963/display_ssd1963.c:9:10:RGB	16	static
../Drivers/SSD1963/display_ssd1963.c:15:6:Init_SSD1963	8	static
../Drivers/SSD1963/display_ssd1963.c:100:6:TFT_Set_X	16	static
../Drivers/SSD1963/display_ssd1963.c:109:6:TFT_Set_Y	16	static
../Drivers/SSD1963/display_ssd1963.c:118:6:TFT_Set_XY	16	static
../Drivers/SSD1963/display_ssd1963.c:123:6:TFT_Set_Work_Area	24	static
../Drivers/SSD1963/display_ssd1963.c:129:6:TFT_Set_Window	24	static
../Drivers/SSD1963/display_ssd1963.c:135:6:TFT_Clear_Screen	24	static
../Drivers/SSD1963/display_ssd1963.c:146:6:TFT_Draw_Char	40	static
../Drivers/SSD1963/display_ssd1963.c:163:6:TFT_Draw_String	40	static
../Drivers/SSD1963/display_ssd1963.c:176:6:TFT_Draw_Line	56	static
../Drivers/SSD1963/display_ssd1963.c:205:6:TFT_Draw_HLine	32	static
../Drivers/SSD1963/display_ssd1963.c:213:6:TFT_Draw_VLine	32	static
../Drivers/SSD1963/display_ssd1963.c:221:6:TFT_Draw_H_Dot_Line	24	static
../Drivers/SSD1963/display_ssd1963.c:233:6:TFT_Draw_V_Dot_Line	24	static
../Drivers/SSD1963/display_ssd1963.c:245:6:TFT_Draw_Rectangle	32	static
../Drivers/SSD1963/display_ssd1963.c:253:6:TFT_Draw_Fill_Rectangle	32	static
../Drivers/SSD1963/display_ssd1963.c:263:6:TFT_Draw_Triangle	32	static
../Drivers/SSD1963/display_ssd1963.c:271:6:TFT_Draw_Circle	48	static
../Drivers/SSD1963/display_ssd1963.c:304:6:TFT_Draw_Circle_Helper	48	static
../Drivers/SSD1963/display_ssd1963.c:340:6:TFT_Draw_Round_Rect	32	static
../Drivers/SSD1963/display_ssd1963.c:355:6:TFT_Draw_Fill_Circle_Helper	48	static
../Drivers/SSD1963/display_ssd1963.c:385:6:TFT_Draw_Fill_Round_Rect	32	static
../Drivers/SSD1963/display_ssd1963.c:394:6:TFT_Draw_BMP	32	static
../Drivers/SSD1963/display_ssd1963.c:407:13:LCD_Char	56	static
../Drivers/SSD1963/display_ssd1963.c:441:6:LCD_Font	72	static
../Drivers/SSD1963/display_ssd1963.c:461:6:SSD1963_SetBacklight	16	static
