../Drivers/SST26VF064/SST26VF064.c:22:6:Send_Byte	16	static
../Drivers/SST26VF064/SST26VF064.c:34:9:Get_Byte	24	static
../Drivers/SST26VF064/SST26VF064.c:47:9:SPI_Read_Configuration_Register	16	static
../Drivers/SST26VF064/SST26VF064.c:62:6:SPI_WREN	8	static
../Drivers/SST26VF064/SST26VF064.c:74:6:SPI_WRDI	8	static
../Drivers/SST26VF064/SST26VF064.c:89:6:Jedec_ID_Read	8	static
../Drivers/SST26VF064/SST26VF064.c:108:9:Read	24	static
../Drivers/SST26VF064/SST26VF064.c:131:6:Read_Cont	24	static
../Drivers/SST26VF064/SST26VF064.c:157:9:SPI_HighSpeed_Read	24	static
../Drivers/SST26VF064/SST26VF064.c:181:6:SPI_HighSpeed_Read_Cont	24	static
../Drivers/SST26VF064/SST26VF064.c:207:6:SPI_Set_Burst	16	static
../Drivers/SST26VF064/SST26VF064.c:228:6:SPI_Page_Program	24	static
../Drivers/SST26VF064/SST26VF064.c:248:6:SPI_Chip_Erase	8	static
../Drivers/SST26VF064/SST26VF064.c:261:6:SPI_Sector_Erase	16	static
../Drivers/SST26VF064/SST26VF064.c:279:6:SPI_Block_Erase	16	static
../Drivers/SST26VF064/SST26VF064.c:293:6:SPI_NoOp	8	static
../Drivers/SST26VF064/SST26VF064.c:304:6:SPI_ResetEn	8	static
../Drivers/SST26VF064/SST26VF064.c:316:6:SPI_Reset	8	static
../Drivers/SST26VF064/SST26VF064.c:327:6:En_QIO	8	static
../Drivers/SST26VF064/SST26VF064.c:338:6:SPI_Reset_QIO	8	static
../Drivers/SST26VF064/SST26VF064.c:349:6:SPI_Write_Suspend	8	static
../Drivers/SST26VF064/SST26VF064.c:360:6:SPI_Write_Resume	8	static
../Drivers/SST26VF064/SST26VF064.c:371:6:SPI_Write_Status_Register	16	static
../Drivers/SST26VF064/SST26VF064.c:387:6:SPI_ReadSID	32	static
../Drivers/SST26VF064/SST26VF064.c:414:6:SPI_ProgSID	32	static
../Drivers/SST26VF064/SST26VF064.c:442:6:SPI_LockSID	8	static
../Drivers/SST26VF064/SST26VF064.c:456:6:SPI_ReadBlockProtection	24	static
../Drivers/SST26VF064/SST26VF064.c:476:6:SPI_WriteBlockProtection	16	static
../Drivers/SST26VF064/SST26VF064.c:494:6:SPI_Global_Block_Protection_Unlock	8	static
../Drivers/SST26VF064/SST26VF064.c:505:6:SPI_LockBlockProtection	8	static
../Drivers/SST26VF064/SST26VF064.c:518:6:SPI_NonVolWriteLockProtection	16	static
../Drivers/SST26VF064/SST26VF064.c:538:9:SPI_SFDP_Read	24	static
