../Drivers/LOG/LOG.c:27:6:Update_Status_Task	104	static
../Drivers/LOG/LOG.c:38:9:append_to_log	840	static
../Drivers/LOG/LOG.c:69:6:update_file_list	8	static
../Drivers/LOG/LOG.c:74:6:create_file_list_screen	8	static
../Drivers/LOG/LOG.c:82:16:auto_mount	16	static
../Drivers/LOG/LOG.c:103:13:list_files_on_sd	616	static
../Drivers/LOG/LOG.c:148:13:file_item_clicked	848	static
../Drivers/LOG/LOG.c:175:13:file_item_hold	288	static
../Drivers/LOG/LOG.c:199:6:parseCSVToStruct	520	static
../Drivers/LOG/LOG.c:241:16:CSV_Process	56	static
../Drivers/LOG/LOG.c:283:5:get_next_file_index	360	static
../Drivers/LOG/LOG.c:322:6:writeCSV	992	static
